[    0.000000] Linux version 4.15.0-212-generic (buildd@lcy02-amd64-083) (gcc version 7.5.0 (Ubuntu 7.5.0-3ubuntu1~18.04)) #223-Ubuntu SMP Tue May 23 13:09:22 UTC 2023 (Ubuntu 4.15.0-212.223-generic 4.15.18)
[    0.000000] Command line: BOOT_IMAGE=/boot/vmlinuz-4.15.0-212-generic root=LABEL=cloudimg-rootfs ro console=tty1 console=ttyS0
[    0.000000] KERNEL supported cpus:
[    0.000000]   Intel GenuineIntel
[    0.000000]   AMD AuthenticAMD
[    0.000000]   Centaur CentaurHauls
[    0.000000] x86/fpu: Supporting XSAVE feature 0x001: 'x87 floating point registers'
[    0.000000] x86/fpu: Supporting XSAVE feature 0x002: 'SSE registers'
[    0.000000] x86/fpu: Supporting XSAVE feature 0x004: 'AVX registers'
[    0.000000] x86/fpu: xstate_offset[2]:  576, xstate_sizes[2]:  256
[    0.000000] x86/fpu: Enabled xstate features 0x7, context size is 832 bytes, using 'standard' format.
[    0.000000] e820: BIOS-provided physical RAM map:
[    0.000000] BIOS-e820: [mem 0x0000000000000000-0x000000000009fbff] usable
[    0.000000] BIOS-e820: [mem 0x000000000009fc00-0x000000000009ffff] reserved
[    0.000000] BIOS-e820: [mem 0x00000000000f0000-0x00000000000fffff] reserved
[    0.000000] BIOS-e820: [mem 0x0000000000100000-0x00000000403effff] usable
[    0.000000] BIOS-e820: [mem 0x00000000403f0000-0x00000000403fffff] ACPI data
[    0.000000] BIOS-e820: [mem 0x00000000fec00000-0x00000000fec00fff] reserved
[    0.000000] BIOS-e820: [mem 0x00000000fee00000-0x00000000fee00fff] reserved
[    0.000000] BIOS-e820: [mem 0x00000000fffc0000-0x00000000ffffffff] reserved
[    0.000000] NX (Execute Disable) protection: active
[    0.000000] SMBIOS 2.5 present.
[    0.000000] DMI: innotek GmbH VirtualBox/VirtualBox, BIOS VirtualBox 12/01/2006
[    0.000000] Hypervisor detected: KVM
[    0.000000] e820: last_pfn = 0x403f0 max_arch_pfn = 0x400000000
[    0.000000] MTRR: Disabled
[    0.000000] x86/PAT: MTRRs disabled, skipping PAT initialization too.
[    0.000000] CPU MTRRs all blank - virtualized system.
[    0.000000] x86/PAT: Configuration [0-7]: WB  WT  UC- UC  WB  WT  UC- UC  
[    0.000000] found SMP MP-table at [mem 0x0009fff0-0x0009ffff]
[    0.000000] Scanning 1 areas for low memory corruption
[    0.000000] RAMDISK: [mem 0x359cb000-0x36cdcfff]
[    0.000000] ACPI: Early table checksum verification disabled
[    0.000000] ACPI: RSDP 0x00000000000E0000 000024 (v02 VBOX  )
[    0.000000] ACPI: XSDT 0x00000000403F0030 00003C (v01 VBOX   VBOXXSDT 00000001 ASL  00000061)
[    0.000000] ACPI: FACP 0x00000000403F00F0 0000F4 (v04 VBOX   VBOXFACP 00000001 ASL  00000061)
[    0.000000] ACPI: DSDT 0x00000000403F0470 002325 (v02 VBOX   VBOXBIOS 00000002 INTL 20200925)
[    0.000000] ACPI: FACS 0x00000000403F0200 000040
[    0.000000] ACPI: FACS 0x00000000403F0200 000040
[    0.000000] ACPI: APIC 0x00000000403F0240 000054 (v02 VBOX   VBOXAPIC 00000001 ASL  00000061)
[    0.000000] ACPI: SSDT 0x00000000403F02A0 0001CC (v01 VBOX   VBOXCPUT 00000002 INTL 20200925)
[    0.000000] ACPI: Reserving FACP table memory at [mem 0x403f00f0-0x403f01e3]
[    0.000000] ACPI: Reserving DSDT table memory at [mem 0x403f0470-0x403f2794]
[    0.000000] ACPI: Reserving FACS table memory at [mem 0x403f0200-0x403f023f]
[    0.000000] ACPI: Reserving FACS table memory at [mem 0x403f0200-0x403f023f]
[    0.000000] ACPI: Reserving APIC table memory at [mem 0x403f0240-0x403f0293]
[    0.000000] ACPI: Reserving SSDT table memory at [mem 0x403f02a0-0x403f046b]
[    0.000000] No NUMA configuration found
[    0.000000] Faking a node at [mem 0x0000000000000000-0x00000000403effff]
[    0.000000] NODE_DATA(0) allocated [mem 0x403c5000-0x403effff]
[    0.000000] kvm-clock: cpu 0, msr 0:40344001, primary cpu clock
[    0.000000] kvm-clock: Using msrs 4b564d01 and 4b564d00
[    0.000000] kvm-clock: using sched offset of 3854919562 cycles
[    0.000000] clocksource: kvm-clock: mask: 0xffffffffffffffff max_cycles: 0x1cd42e4dffb, max_idle_ns: 881590591483 ns
[    0.000000] Section 7 and 8 (node 0) have a circular dependency on usemap and pgdat allocations
[    0.000000] Zone ranges:
[    0.000000]   DMA      [mem 0x0000000000001000-0x0000000000ffffff]
[    0.000000]   DMA32    [mem 0x0000000001000000-0x00000000403effff]
[    0.000000]   Normal   empty
[    0.000000]   Device   empty
[    0.000000] Movable zone start for each node
[    0.000000] Early memory node ranges
[    0.000000]   node   0: [mem 0x0000000000001000-0x000000000009efff]
[    0.000000]   node   0: [mem 0x0000000000100000-0x00000000403effff]
[    0.000000] Reserved but unavailable: 104 pages
[    0.000000] Initmem setup node 0 [mem 0x0000000000001000-0x00000000403effff]
[    0.000000] ACPI: PM-Timer IO Port: 0x4008
[    0.000000] IOAPIC[0]: apic_id 1, version 32, address 0xfec00000, GSI 0-23
[    0.000000] ACPI: INT_SRC_OVR (bus 0 bus_irq 0 global_irq 2 dfl dfl)
[    0.000000] ACPI: INT_SRC_OVR (bus 0 bus_irq 9 global_irq 9 low level)
[    0.000000] Using ACPI (MADT) for SMP configuration information
[    0.000000] smpboot: Allowing 1 CPUs, 0 hotplug CPUs
[    0.000000] PM: Registered nosave memory: [mem 0x00000000-0x00000fff]
[    0.000000] PM: Registered nosave memory: [mem 0x0009f000-0x0009ffff]
[    0.000000] PM: Registered nosave memory: [mem 0x000a0000-0x000effff]
[    0.000000] PM: Registered nosave memory: [mem 0x000f0000-0x000fffff]
[    0.000000] e820: [mem 0x40400000-0xfebfffff] available for PCI devices
[    0.000000] Booting paravirtualized kernel on KVM
[    0.000000] clocksource: refined-jiffies: mask: 0xffffffff max_cycles: 0xffffffff, max_idle_ns: 7645519600211568 ns
[    0.000000] setup_percpu: NR_CPUS:8192 nr_cpumask_bits:1 nr_cpu_ids:1 nr_node_ids:1
[    0.000000] percpu: Embedded 50 pages/cpu s167936 r8192 d28672 u2097152
[    0.000000] PV qspinlock hash table entries: 256 (order: 0, 4096 bytes)
[    0.000000] Built 1 zonelists, mobility grouping on.  Total pages: 258921
[    0.000000] Policy zone: DMA32
[    0.000000] Kernel command line: BOOT_IMAGE=/boot/vmlinuz-4.15.0-212-generic root=LABEL=cloudimg-rootfs ro console=tty1 console=ttyS0
[    0.000000] Memory: 984892K/1052216K available (12300K kernel code, 2477K rwdata, 4324K rodata, 2480K init, 2720K bss, 67324K reserved, 0K cma-reserved)
[    0.000000] SLUB: HWalign=64, Order=0-3, MinObjects=0, CPUs=1, Nodes=1
[    0.000000] Kernel/User page tables isolation: enabled
[    0.000000] ftrace: allocating 39508 entries in 155 pages
[    0.004000] Hierarchical RCU implementation.
[    0.004000] 	RCU restricting CPUs from NR_CPUS=8192 to nr_cpu_ids=1.
[    0.004000] 	Tasks RCU enabled.
[    0.004000] RCU: Adjusting geometry for rcu_fanout_leaf=16, nr_cpu_ids=1
[    0.004000] NR_IRQS: 524544, nr_irqs: 256, preallocated irqs: 16
[    0.004000] random: crng init done
[    0.004000] Console: colour VGA+ 80x25
[    0.004000] console [tty1] enabled
[    0.004000] console [ttyS0] enabled
[    0.004000] ACPI: Core revision 20170831
[    0.004000] ACPI: 2 ACPI AML tables successfully acquired and loaded
[    0.004000] APIC: Switch to symmetric I/O mode setup
[    0.004000] x2apic enabled
[    0.004000] Switched APIC routing to physical x2apic.
[    0.004000] ..TIMER: vector=0x30 apic1=0 pin1=2 apic2=-1 pin2=-1
[    0.004006] tsc: Detected 2569.252 MHz processor
[    0.004798] Calibrating delay loop (skipped) preset value.. 5138.50 BogoMIPS (lpj=10277008)
[    0.005416] pid_max: default: 32768 minimum: 301
[    0.006358] Security Framework initialized
[    0.008005] Yama: becoming mindful.
[    0.008668] AppArmor: AppArmor initialized
[    0.010179] Dentry cache hash table entries: 131072 (order: 8, 1048576 bytes)
[    0.012057] Inode-cache hash table entries: 65536 (order: 7, 524288 bytes)
[    0.013230] Mount-cache hash table entries: 2048 (order: 2, 16384 bytes)
[    0.014425] Mountpoint-cache hash table entries: 2048 (order: 2, 16384 bytes)
[    0.016270] process: using mwait in idle threads
[    0.017161] Last level iTLB entries: 4KB 512, 2MB 8, 4MB 8
[    0.018101] Last level dTLB entries: 4KB 512, 2MB 32, 4MB 32, 1GB 0
[    0.019159] Spectre V1 : Mitigation: usercopy/swapgs barriers and __user pointer sanitization
[    0.020004] Spectre V2 : Mitigation: Retpolines
[    0.020802] Spectre V2 : Spectre v2 / SpectreRSB mitigation: Filling RSB on context switch
[    0.022204] Spectre V2 : Spectre v2 / SpectreRSB : Filling RSB on VMEXIT
[    0.024003] Speculative Store Bypass: Vulnerable
[    0.024858] MDS: Mitigation: Clear CPU buffers
[    0.025642] MMIO Stale Data: Unknown: No mitigations
[    0.026504] SRBDS: Unknown: Dependent on hypervisor status
[    0.046349] Freeing SMP alternatives memory: 36K
[    0.156474] smpboot: CPU0: Intel(R) Core(TM) i5-3230M CPU @ 2.60GHz (family: 0x6, model: 0x3a, stepping: 0x9)
[    0.158287] Performance Events: unsupported p6 CPU model 58 no PMU driver, software events only.
[    0.159791] Hierarchical SRCU implementation.
[    0.160560] NMI watchdog: Perf event create on CPU 0 failed with -2
[    0.161607] NMI watchdog: Perf NMI watchdog permanently disabled
[    0.162646] smp: Bringing up secondary CPUs ...
[    0.163454] smp: Brought up 1 node, 1 CPU
[    0.164000] smpboot: Max logical packages: 1
[    0.164003] smpboot: Total of 1 processors activated (5138.50 BogoMIPS)
[    0.165257] devtmpfs: initialized
[    0.165912] x86/mm: Memory block size: 128MB
[    0.166902] evm: security.selinux
[    0.168005] evm: security.SMACK64
[    0.168601] evm: security.SMACK64EXEC
[    0.169318] evm: security.SMACK64TRANSMUTE
[    0.170046] evm: security.SMACK64MMAP
[    0.170706] evm: security.apparmor
[    0.171341] evm: security.ima
[    0.171899] evm: security.capability
[    0.172119] clocksource: jiffies: mask: 0xffffffff max_cycles: 0xffffffff, max_idle_ns: 7645041785100000 ns
[    0.173735] futex hash table entries: 256 (order: 2, 16384 bytes)
[    0.174812] pinctrl core: initialized pinctrl subsystem
[    0.176116] RTC time: 20:38:39, date: 09/27/23
[    0.177013] NET: Registered protocol family 16
[    0.177944] audit: initializing netlink subsys (disabled)
[    0.179034] cpuidle: using governor ladder
[    0.180009] cpuidle: using governor menu
[    0.180755] ACPI: bus type PCI registered
[    0.181473] acpiphp: ACPI Hot Plug PCI Controller Driver version: 0.5
[    0.182636] PCI: Using configuration type 1 for base access
[    0.184000] audit: type=2000 audit(1695847124.153:1): state=initialized audit_enabled=0 res=1
[    0.188903] HugeTLB registered 2.00 MiB page size, pre-allocated 0 pages
[    0.190851] ACPI: Added _OSI(Module Device)
[    0.191645] ACPI: Added _OSI(Processor Device)
[    0.192006] ACPI: Added _OSI(3.0 _SCP Extensions)
[    0.192812] ACPI: Added _OSI(Processor Aggregator Device)
[    0.193722] ACPI: Added _OSI(Linux-Dell-Video)
[    0.194504] ACPI: Added _OSI(Linux-Lenovo-NV-HDMI-Audio)
[    0.195425] ACPI: Added _OSI(Linux-HPI-Hybrid-Graphics)
[    0.196315] ACPI: Executed 1 blocks of module-level executable AML code
[    0.201422] ACPI: Interpreter enabled
[    0.202154] ACPI: (supports S0 S5)
[    0.202777] ACPI: Using IOAPIC for interrupt routing
[    0.203882] PCI: Using host bridge windows from ACPI; if necessary, use "pci=nocrs" and report a bug
[    0.204174] ACPI: Enabled 2 GPEs in block 00 to 07
[    0.212971] ACPI: PCI Root Bridge [PCI0] (domain 0000 [bus 00-ff])
[    0.214021] acpi PNP0A03:00: _OSC: OS supports [ASPM ClockPM Segments MSI]
[    0.215702] acpi PNP0A03:00: _OSC: not requesting OS control; OS requires [ExtendedConfig ASPM ClockPM MSI]
[    0.216016] acpi PNP0A03:00: fail to add MMCONFIG information, can't access extended PCI configuration space under this bridge.
[    0.218295] PCI host bridge to bus 0000:00
[    0.220005] pci_bus 0000:00: root bus resource [io  0x0000-0x0cf7 window]
[    0.221693] pci_bus 0000:00: root bus resource [io  0x0d00-0xffff window]
[    0.222834] pci_bus 0000:00: root bus resource [mem 0x000a0000-0x000bffff window]
[    0.224004] pci_bus 0000:00: root bus resource [mem 0x40400000-0xfdffffff window]
[    0.225354] pci_bus 0000:00: root bus resource [bus 00-ff]
[    0.228904] pci 0000:00:01.1: legacy IDE quirk: reg 0x10: [io  0x01f0-0x01f7]
[    0.230145] pci 0000:00:01.1: legacy IDE quirk: reg 0x14: [io  0x03f6]
[    0.231239] pci 0000:00:01.1: legacy IDE quirk: reg 0x18: [io  0x0170-0x0177]
[    0.232004] pci 0000:00:01.1: legacy IDE quirk: reg 0x1c: [io  0x0376]
[    0.249731] pci 0000:00:07.0: quirk: [io  0x4000-0x403f] claimed by PIIX4 ACPI
[    0.251158] pci 0000:00:07.0: quirk: [io  0x4100-0x410f] claimed by PIIX4 SMB
[    0.263023] ACPI: PCI Interrupt Link [LNKA] (IRQs 5 9 10 *11)
[    0.264258] ACPI: PCI Interrupt Link [LNKB] (IRQs 5 9 *10 11)
[    0.265349] ACPI: PCI Interrupt Link [LNKC] (IRQs 5 *9 10 11)
[    0.266567] ACPI: PCI Interrupt Link [LNKD] (IRQs 5 9 10 *11)
[    0.268163] SCSI subsystem initialized
[    0.268972] pci 0000:00:02.0: vgaarb: setting as boot VGA device
[    0.269998] pci 0000:00:02.0: vgaarb: VGA device added: decodes=io+mem,owns=io+mem,locks=none
[    0.271432] pci 0000:00:02.0: vgaarb: bridge control possible
[    0.272003] vgaarb: loaded
[    0.272560] ACPI: bus type USB registered
[    0.273288] usbcore: registered new interface driver usbfs
[    0.274297] usbcore: registered new interface driver hub
[    0.276009] usbcore: registered new device driver usb
[    0.276986] EDAC MC: Ver: 3.0.0
[    0.277883] PCI: Using ACPI for IRQ routing
[    0.278924] NetLabel: Initializing
[    0.279557] NetLabel:  domain hash size = 128
[    0.280002] NetLabel:  protocols = UNLABELED CIPSOv4 CALIPSO
[    0.281055] NetLabel:  unlabeled traffic allowed by default
[    0.282143] clocksource: Switched to clocksource kvm-clock
[    0.292497] VFS: Disk quotas dquot_6.6.0
[    0.293453] VFS: Dquot-cache hash table entries: 512 (order 0, 4096 bytes)
[    0.294730] AppArmor: AppArmor Filesystem Enabled
[    0.295597] pnp: PnP ACPI init
[    0.297318] pnp: PnP ACPI: found 3 devices
[    0.303846] clocksource: acpi_pm: mask: 0xffffff max_cycles: 0xffffff, max_idle_ns: 2085701024 ns
[    0.305614] NET: Registered protocol family 2
[    0.306423] IP idents hash table entries: 16384 (order: 5, 131072 bytes)
[    0.307798] TCP established hash table entries: 8192 (order: 4, 65536 bytes)
[    0.309073] TCP bind hash table entries: 8192 (order: 5, 131072 bytes)
[    0.310239] TCP: Hash tables configured (established 8192 bind 8192)
[    0.311992] UDP hash table entries: 512 (order: 2, 16384 bytes)
[    0.313124] UDP-Lite hash table entries: 512 (order: 2, 16384 bytes)
[    0.314252] NET: Registered protocol family 1
[    0.315027] pci 0000:00:00.0: Limiting direct PCI/PCI transfers
[    0.316078] pci 0000:00:01.0: Activating ISA DMA hang workarounds
[    0.317150] pci 0000:00:02.0: Video device with shadowed ROM at [mem 0x000c0000-0x000dffff]
[    0.318687] Unpacking initramfs...
[    0.592241] Freeing initrd memory: 19528K
[    0.597917] clocksource: tsc: mask: 0xffffffffffffffff max_cycles: 0x2508c5871ad, max_idle_ns: 440795202126 ns
[    0.599614] platform rtc_cmos: registered platform RTC device (no PNP device found)
[    0.601048] Scanning for low memory corruption every 60 seconds
[    0.602690] Initialise system trusted keyrings
[    0.603479] Key type blacklist registered
[    0.604255] workingset: timestamp_bits=36 max_order=18 bucket_order=0
[    0.606296] zbud: loaded
[    0.607230] squashfs: version 4.0 (2009/01/31) Phillip Lougher
[    0.608377] fuse init (API version 7.26)
[    0.609976] Key type asymmetric registered
[    0.610706] Asymmetric key parser 'x509' registered
[    0.611561] Block layer SCSI generic (bsg) driver version 0.4 loaded (major 246)
[    0.612949] io scheduler noop registered
[    0.613710] io scheduler deadline registered
[    0.614476] io scheduler cfq registered (default)
[    0.615541] ACPI: AC Adapter [AC] (on-line)
[    0.616387] input: Power Button as /devices/LNXSYSTM:00/LNXPWRBN:00/input/input0
[    0.617686] ACPI: Power Button [PWRF]
[    0.618404] input: Sleep Button as /devices/LNXSYSTM:00/LNXSLPBN:00/input/input1
[    0.619663] ACPI: Sleep Button [SLPF]
[    0.621335] ACPI: Battery Slot [BAT0] (battery present)
[    0.622396] Serial: 8250/16550 driver, 32 ports, IRQ sharing enabled
[    0.644263] 00:02: ttyS0 at I/O 0x3f8 (irq = 4, base_baud = 115200) is a 16550A
[    0.647045] Linux agpgart interface v0.103
[    0.648897] loop: module loaded
[    0.650026] scsi host0: ata_piix
[    0.650709] scsi host1: ata_piix
[    0.651421] ata1: PATA max UDMA/33 cmd 0x1f0 ctl 0x3f6 bmdma 0xd000 irq 14
[    0.652606] ata2: PATA max UDMA/33 cmd 0x170 ctl 0x376 bmdma 0xd008 irq 15
[    0.654222] tun: Universal TUN/TAP device driver, 1.6
[    0.655188] PPP generic driver version 2.4.2
[    0.655997] ehci_hcd: USB 2.0 'Enhanced' Host Controller (EHCI) Driver
[    0.657191] ehci-pci: EHCI PCI platform driver
[    0.657979] ehci-platform: EHCI generic platform driver
[    0.658892] ohci_hcd: USB 1.1 'Open' Host Controller (OHCI) Driver
[    0.659987] ohci-pci: OHCI PCI platform driver
[    0.660890] ohci-platform: OHCI generic platform driver
[    0.661810] uhci_hcd: USB Universal Host Controller Interface driver
[    0.663053] i8042: PNP: PS/2 Controller [PNP0303:PS2K,PNP0f03:PS2M] at 0x60,0x64 irq 1,12
[    0.664947] serio: i8042 KBD port at 0x60,0x64 irq 1
[    0.665828] serio: i8042 AUX port at 0x60,0x64 irq 12
[    0.666782] mousedev: PS/2 mouse device common for all mice
[    0.667979] input: AT Translated Set 2 keyboard as /devices/platform/i8042/serio0/input/input2
[    0.669933] rtc_cmos rtc_cmos: rtc core: registered rtc_cmos as rtc0
[    0.671052] rtc_cmos rtc_cmos: alarms up to one day, 114 bytes nvram
[    0.672130] i2c /dev entries driver
[    0.672862] device-mapper: uevent: version 1.0.3
[    0.673735] device-mapper: ioctl: 4.37.0-ioctl (2017-09-20) initialised: dm-devel@redhat.com
[    0.675195] ledtrig-cpu: registered to indicate activity on CPUs
[    0.676503] NET: Registered protocol family 10
[    0.680860] Segment Routing with IPv6
[    0.681651] NET: Registered protocol family 17
[    0.682548] Key type dns_resolver registered
[    0.683405] mce: Using 0 MCE banks
[    0.684058] RAS: Correctable Errors collector initialized.
[    0.685122] sched_clock: Marking stable (685065514, 0)->(832735681, -147670167)
[    0.686521] registered taskstats version 1
[    0.687267] Loading compiled-in X.509 certificates
[    0.690376] Loaded X.509 cert 'Build time autogenerated kernel key: b5b26778eaa3ab3a4a6cee031137706e947d12ad'
[    0.692883] Loaded X.509 cert 'Canonical Ltd. Live Patch Signing: 14df34d1a87cf37625abec039ef2bf521249b969'
[    0.695229] Loaded X.509 cert 'Canonical Ltd. Kernel Module Signing: 88f752e560a1e0737e31163a466ad7b70a850c19'
[    0.696912] blacklist: Loading compiled-in revocation X.509 certificates
[    0.698135] Loaded X.509 cert 'Canonical Ltd. Secure Boot Signing: 61482aa2830d0ab2ad5af10b7250da9033ddcef0'
[    0.699759] Loaded X.509 cert 'Canonical Ltd. Secure Boot Signing (2017): 242ade75ac4a15e50d50c84b0d45ff3eae707a03'
[    0.701693] Loaded X.509 cert 'Canonical Ltd. Secure Boot Signing (ESM 2018): 365188c1d374d6b07c3c8f240f8ef722433d6a8b'
[    0.703513] Loaded X.509 cert 'Canonical Ltd. Secure Boot Signing (2019): c0746fd6c5da3ae827864651ad66ae47fe24b3e8'
[    0.705367] Loaded X.509 cert 'Canonical Ltd. Secure Boot Signing (2021 v1): a8d54bbb3825cfb94fa13c9f8a594a195c107b8d'
[    0.707171] Loaded X.509 cert 'Canonical Ltd. Secure Boot Signing (2021 v2): 4cf046892d6fd3c9a5b03f98d845f90851dc6a8c'
[    0.709013] Loaded X.509 cert 'Canonical Ltd. Secure Boot Signing (2021 v3): 100437bb6de6e469b581e61cd66bce3ef4ed53af'
[    0.710805] Loaded X.509 cert 'Canonical Ltd. Secure Boot Signing (Ubuntu Core 2019): c1d57b8f6b743f23ee41f4f7ee292f06eecadfb9'
[    0.712852] zswap: loaded using pool lzo/zbud
[    0.716883] Key type big_key registered
[    0.717611] Key type trusted registered
[    0.719906] Key type encrypted registered
[    0.720684] AppArmor: AppArmor sha1 policy hashing enabled
[    0.721650] ima: No TPM chip found, activating TPM-bypass! (rc=-19)
[    0.722760] ima: Allocated hash algorithm: sha1
[    0.723559] evm: HMAC attrs: 0x1
[    0.724499]   Magic number: 7:751:650
[    0.725195] tty ttyprintk: hash matches
[    0.725964] rtc_cmos rtc_cmos: setting system clock to 2023-09-27 20:38:39 UTC (1695847119)
[    0.727442] BIOS EDD facility v0.16 2004-Jun-25, 0 devices found
[    0.728502] EDD information not available.
[    0.837417] Freeing unused kernel image memory: 2480K
[    0.844359] Write protecting the kernel read-only data: 20480k
[    0.845983] Freeing unused kernel image memory: 2008K
[    0.847197] Freeing unused kernel image memory: 1820K
[    0.855048] x86/mm: Checked W+X mappings: passed, no W+X pages found.
[    0.856280] x86/mm: Checking user space page tables
[    0.863885] x86/mm: Checked W+X mappings: passed, no W+X pages found.
Loading, please wait...
starting version 237
[    0.984211] e1000: Intel(R) PRO/1000 Network Driver - version 7.3.21-k8-NAPI
[    0.985610] e1000: Copyright (c) 1999-2006 Intel Corporation.
[    0.991635] Fusion MPT base driver 3.04.20
[    0.992603] Copyright (c) 1999-2008 LSI Corporation
[    1.009510] Fusion MPT SPI Host driver 3.04.20
[    1.044124] AVX version of gcm_enc/dec engaged.
[    1.045195] AES CTR mode by8 optimization enabled
[    1.203008] input: ImExPS/2 Generic Explorer Mouse as /devices/platform/i8042/serio1/input/input4
[    1.412714] e1000 0000:00:03.0 eth0: (PCI:33MHz:32-bit) 02:3b:7b:b7:3b:2d
[    1.413940] e1000 0000:00:03.0 eth0: Intel(R) PRO/1000 Network Connection
[    1.416032] mptbase: ioc0: Initiating bringup
[    1.512888] ioc0: LSI53C1030 A0: Capabilities={Initiator}
[    1.759954] scsi host2: ioc0: LSI53C1030 A0, FwRev=00000000h, Ports=1, MaxQ=256, IRQ=20
[    1.929561] scsi 2:0:0:0: Direct-Access     VBOX     HARDDISK         1.0  PQ: 0 ANSI: 5
[    1.935686] scsi target2:0:0: Beginning Domain Validation
[    1.940890] scsi target2:0:0: Domain Validation skipping write tests
[    1.943656] scsi target2:0:0: Ending Domain Validation
[    1.946081] scsi target2:0:0: asynchronous
[    1.948823] scsi 2:0:1:0: Direct-Access     VBOX     HARDDISK         1.0  PQ: 0 ANSI: 5
[    1.952250] scsi target2:0:1: Beginning Domain Validation
[    1.956724] scsi target2:0:1: Domain Validation skipping write tests
[    1.959450] scsi target2:0:1: Ending Domain Validation
[    1.961801] scsi target2:0:1: asynchronous
[    2.005558] sd 2:0:0:0: [sda] 83886080 512-byte logical blocks: (42.9 GB/40.0 GiB)
[    2.012977] sd 2:0:0:0: [sda] Write Protect is off
[    2.014438] sd 2:0:0:0: Attached scsi generic sg0 type 0
[    2.016059] sd 2:0:0:0: [sda] Incomplete mode parameter data
[    2.017610] sd 2:0:0:0: [sda] Assuming drive cache: write through
[    2.019315] sd 2:0:1:0: [sdb] 20480 512-byte logical blocks: (10.5 MB/10.0 MiB)
[    2.021273] sd 2:0:1:0: [sdb] Write Protect is off
[    2.022582] sd 2:0:1:0: Attached scsi generic sg1 type 0
[    2.023986] sd 2:0:1:0: [sdb] Incomplete mode parameter data
[    2.025328] sd 2:0:1:0: [sdb] Assuming drive cache: write through
[    2.064359]  sda: sda1
[    2.074378] sd 2:0:0:0: [sda] Attached SCSI disk
[    2.106437] sd 2:0:1:0: [sdb] Attached SCSI disk
[    2.364823] e1000 0000:00:08.0 eth1: (PCI:33MHz:32-bit) 08:00:27:30:32:56
[    2.366067] e1000 0000:00:08.0 eth1: Intel(R) PRO/1000 Network Connection
[    2.368734] e1000 0000:00:08.0 enp0s8: renamed from eth1
[    2.372947] e1000 0000:00:03.0 enp0s3: renamed from eth0
Begin: Loading essential drivers ... [    3.869147] raid6: sse2x1   gen()  6332 MB/s
[    3.933460] raid6: sse2x1   xor()  6790 MB/s
[    3.996368] raid6: sse2x2   gen() 11493 MB/s
[    4.056763] raid6: sse2x2   xor()  7211 MB/s
[    4.112933] raid6: sse2x4   gen() 14055 MB/s
[    4.172741] raid6: sse2x4   xor()  8646 MB/s
[    4.173605] raid6: using algorithm sse2x4 gen() 14055 MB/s
[    4.174555] raid6: .... xor() 8646 MB/s, rmw enabled
[    4.175464] raid6: using ssse3x2 recovery algorithm
[    4.178661] xor: automatically using best checksumming function   avx       
[    4.181947] async_tx: api initialized (async)
done.
Begin: Running /scripts/init-premount ... done.
Begin: Mounting root file system ... Begin: Running /scripts/local-top ... done.
Begin: Running /scripts/local-premount ... [    4.243990] Btrfs loaded, crc32c=crc32c-intel
Scanning for Btrfs filesystems
done.
Warning: fsck not present, so skipping root file system
[    4.379591] EXT4-fs (sda1): mounted filesystem with ordered data mode. Opts: (null)
done.
Begin: Running /scripts/local-bottom ... done.
Begin: Running /scripts/init-bottom ... done.
[    5.627708] ip_tables: (C) 2000-2006 Netfilter Core Team
[    5.747697] systemd[1]: systemd 237 running in system mode. (+PAM +AUDIT +SELINUX +IMA +APPARMOR +SMACK +SYSVINIT +UTMP +LIBCRYPTSETUP +GCRYPT +GNUTLS +ACL +XZ +LZ4 +SECCOMP +BLKID +ELFUTILS +KMOD -IDN2 +IDN -PCRE2 default-hierarchy=hybrid)
[    5.760923] systemd[1]: Detected virtualization oracle.
[    5.764200] systemd[1]: Detected architecture x86-64.

Welcome to [1mUbuntu 18.04.6 LTS[0m!

[    5.823244] systemd[1]: Set hostname to <mongo>.
[    7.614106] systemd[1]: Reached target Swap.
[[0;32m  OK  [0m] Reached target Swap.
[    7.616656] systemd[1]: Set up automount Arbitrary Executable File Formats File System Automount Point.
[[0;32m  OK  [0m] Set up automount Arbitrary Executabâ€¦rmats File System Automount Point.
[    7.621592] systemd[1]: Created slice System Slice.
[[0;32m  OK  [0m] Created slice System Slice.
[    7.624077] systemd[1]: Listening on Journal Socket (/dev/log).
[[0;32m  OK  [0m] Listening on Journal Socket (/dev/log).
[    7.627212] systemd[1]: Created slice system-serial\x2dgetty.slice.
[[0;32m  OK  [0m] Created slice system-serial\x2dgetty.slice.
[    7.632644] systemd[1]: Listening on udev Kernel Socket.
[[0;32m  OK  [0m] Listening on udev Kernel Socket.
[[0;32m  OK  [0m] Listening on LVM2 poll daemon socket.
[[0;32m  OK  [0m] Listening on Journal Audit Socket.
[[0;32m  OK  [0m] Listening on Syslog Socket.
[[0;32m  OK  [0m] Started Forward Password Requests to Wall Directory Watch.
[[0;32m  OK  [0m] Listening on /dev/initctl Compatibility Named Pipe.
[[0;32m  OK  [0m] Listening on Journal Socket.
         Starting Set the console keyboard layout...
         Starting Create list of required stâ€¦ce nodes for the current kernel...
         Mounting Kernel Debug File System...
[[0;32m  OK  [0m] Listening on fsck to fsckd communication Socket.
         Starting File System Check on Root Device...
         Starting Journal Service...
         Starting Load Kernel Modules...
[[0;32m  OK  [0m] Listening on Device-mapper event daemon FIFOs.
[[0;32m  OK  [0m] Reached target User and Group Name Lookups.
[[0;32m  OK  [0m] Listening on udev Control Socket.
         Starting udev Coldplug all Devices...
         Mounting Huge Pages File System...
[[0;32m  OK  [0m] Listening on Network Service Netlink Socket.
         Starting Uncomplicated firewall...
         Mounting POSIX Message Queue File System...
[[0;32m  OK  [0m] Reached target System Time Synchronized.
[[0;32m  OK  [0m] Listening on LVM2 metadata daemon socket.
         Starting Monitoring of LVM2 mirrorsâ€¦ng dmeventd or progress polling...
[[0;32m  OK  [0m] Reached target Mounting snaps.
[[0;32m  OK  [0m] Reached target Mounted snaps.
[[0;32m  OK  [0m] Created slice User and Session Slice.
[[0;32m  OK  [0m] Reached target Slices.
[[0;32m  OK  [0m] Started Journal Service.
[[0;32m  OK  [0m] Started Create list of required staâ€¦vice nodes for the current kernel.
[[0;32m  OK  [0m] Mounted Kernel Debug File System.
[[0;32m  OK  [0m] Mounted Huge Pages File System.
[[0;32m  OK  [0m] Started Uncomplicated firewall.
[[0;32m  OK  [0m] Mounted POSIX Message Queue File System.
[[0;32m  OK  [0m] Started File System Check Daemon to report status.
         Starting Create Static Device Nodes in /dev...
[[0;32m  OK  [0m] Started udev Coldplug all Devices.
[    8.021250] Loading iSCSI transport class v2.0-870.
[[0;32m  OK  [0m] Started Set the console keyboard layout.
[    8.374612] iscsi: registered transport (tcp)
[[0;32m  OK  [0m] Started Create Static Device Nodes in /dev.
[[0;32m  OK  [0m] Started File System Check on Root Device.
         Starting Remount Root and Kernel File Systems...
[[0;32m  OK  [0m] Started LVM2 metadata daemon.
[    8.610574] iscsi: registered transport (iser)
[[0;32m  OK  [0m] Started Load Kernel Modules.
         Mounting Kernel Configuration File System...
         Starting Apply Kernel Variables...
         Mounting FUSE Control File System...
[[0;32m  OK  [0m] Mounted Kernel Configuration File System.
[[0;32m  OK  [0m] Mounted FUSE Control File System.
[[0;32m  OK  [0m] Started Remount Root and Kernel File Systems.
         Starting Load/Save Random Seed...
         Starting Flush Journal to Persistent Storage...
         Starting udev Kernel Device Manager...
[[0;32m  OK  [0m] Started Apply Kernel Variables.
[[0;32m  OK  [0m] Started Load/Save Random Seed.
[[0;32m  OK  [0m] Started Monitoring of LVM2 mirrors,â€¦sing dmeventd or progress polling.
[[0;32m  OK  [0m] Reached target Local File Systems (Pre).
[[0;32m  OK  [0m] Reached target Local File Systems.
         Starting Tell Plymouth To Write Out Runtime Data...
         Starting Set console font and keymap...
         Starting ebtables ruleset management...
         Starting AppArmor initialization...
[[0;32m  OK  [0m] Started udev Kernel Device Manager.
[[0;32m  OK  [0m] Started Dispatch Password Requests to Console Directory Watch.
[[0;32m  OK  [0m] Reached target Local Encrypted Volumes.
[[0;32m  OK  [0m] Started Tell Plymouth To Write Out Runtime Data.
[[0;32m  OK  [0m] Started Set console font and keymap.
[[0;32m  OK  [0m] Started ebtables ruleset management.
[[0;32m  OK  [0m] Started Flush Journal to Persistent Storage.
         Starting Create Volatile Files and Directories...
[[0;32m  OK  [0m] Found device /dev/ttyS0.
[[0;32m  OK  [0m] Started Create Volatile Files and Directories.
         Starting Update UTMP about System Boot/Shutdown...
[[0;32m  OK  [0m] Started Update UTMP about System Boot/Shutdown.
[[0;32m  OK  [0m] Listening on Load/Save RF Kill Switch Status /dev/rfkill Watch.
[[0;32m  OK  [0m] Started AppArmor initialization.
         Starting Initial cloud-init job (pre-networking)...
         Starting Load AppArmor profiles managed internally by snapd...
         Mounting Arbitrary Executable File Formats File System...
[[0;32m  OK  [0m] Mounted Arbitrary Executable File Formats File System.
[[0;32m  OK  [0m] Started Load AppArmor profiles managed internally by snapd.
[   30.158838] cloud-init[548]: Cloud-init v. 23.1.2-0ubuntu0~18.04.1 running 'init-local' at Wed, 27 Sep 2023 20:39:07 +0000. Up 28.68 seconds.
[[0;32m  OK  [0m] Started Initial cloud-init job (pre-networking).
[[0;32m  OK  [0m] Reached target Network (Pre).
         Starting Network Service...
[[0;32m  OK  [0m] Started Network Service.
         Starting Wait for Network to be Configured...
         Starting Network Name Resolution...
[[0;32m  OK  [0m] Started Network Name Resolution.
[[0;32m  OK  [0m] Reached target Host and Network Name Lookups.
[[0;32m  OK  [0m] Reached target Network.
[[0;32m  OK  [0m] Started Wait for Network to be Configured.
         Starting Initial cloud-init job (metadata service crawler)...
[   33.121717] cloud-init[657]: Cloud-init v. 23.1.2-0ubuntu0~18.04.1 running 'init' at Wed, 27 Sep 2023 20:39:11 +0000. Up 32.78 seconds.
[   33.126237] cloud-init[657]: ci-info: ++++++++++++++++++++++++++++++++++++++Net device info+++++++++++++++++++++++++++++++++++++++
[   33.130617] cloud-init[657]: ci-info: +--------+------+-----------------------------+---------------+--------+-------------------+
[   33.132478] cloud-init[657]: ci-info: | Device |  Up  |           Address           |      Mask     | Scope  |     Hw-Address    |
[   33.134360] cloud-init[657]: ci-info: +--------+------+-----------------------------+---------------+--------+-------------------+
[   33.137794] cloud-init[657]: ci-info: | enp0s3 | True |          10.0.2.15          | 255.255.255.0 | global | 02:3b:7b:b7:3b:2d |
[   33.139520] cloud-init[657]: ci-info: | enp0s3 | True |  fe80::3b:7bff:feb7:3b2d/64 |       .       |  link  | 02:3b:7b:b7:3b:2d |
[   33.141267] cloud-init[657]: ci-info: | enp0s8 | True |        192.168.56.16        | 255.255.255.0 | global | 08:00:27:30:32:56 |
[   33.142842] cloud-init[657]: ci-info: | enp0s8 | True | fe80::a00:27ff:fe30:3256/64 |       .       |  link  | 08:00:27:30:32:56 |
[   33.144486] cloud-init[657]: ci-info: |   lo   | True |          127.0.0.1          |   255.0.0.0   |  host  |         .         |
[   33.145872] cloud-init[657]: ci-info: |   lo   | True |           ::1/128           |       .       |  host  |         .         |
[   33.147223] cloud-init[657]: ci-info: +--------+------+-----------------------------+---------------+--------+-------------------+
[   33.148908] cloud-init[657]: ci-info: +++++++++++++++++++++++++++++Route IPv4 info+++++++++++++++++++++++++++++
[   33.150302] cloud-init[657]: ci-info: +-------+--------------+----------+-----------------+-----------+-------+
[   33.151683] cloud-init[657]: ci-info: | Route | Destination  | Gateway  |     Genmask     | Interface | Flags |
[   33.153160] cloud-init[657]: ci-info: +-------+--------------+----------+-----------------+-----------+-------+
[   33.154520] cloud-init[657]: ci-info: |   0   |   0.0.0.0    | 10.0.2.2 |     0.0.0.0     |   enp0s3  |   UG  |
[   33.155874] cloud-init[657]: ci-info: |   1   |   10.0.2.0   | 0.0.0.0  |  255.255.255.0  |   enp0s3  |   U   |
[   33.157389] cloud-init[657]: ci-info: |   2   |   10.0.2.2   | 0.0.0.0  | 255.255.255.255 |   enp0s3  |   UH  |
[   33.158780] cloud-init[657]: ci-info: |   3   | 192.168.56.0 | 0.0.0.0  |  255.255.255.0  |   enp0s8  |   U   |
[   33.165489] cloud-init[657]: ci-info: +-------+--------------+----------+-----------------+-----------+-------+
[   33.166919] cloud-init[657]: ci-info: +++++++++++++++++++Route IPv6 info+++++++++++++++++++
[   33.168277] cloud-init[657]: ci-info: +-------+-------------+---------+-----------+-------+
[   33.169297] cloud-init[657]: ci-info: | Route | Destination | Gateway | Interface | Flags |
[   33.170494] cloud-init[657]: ci-info: +-------+-------------+---------+-----------+-------+
[   33.171666] cloud-init[657]: ci-info: |   1   |  fe80::/64  |    ::   |   enp0s8  |   U   |
[   33.172903] cloud-init[657]: ci-info: |   2   |  fe80::/64  |    ::   |   enp0s3  |   U   |
[   33.174081] cloud-init[657]: ci-info: |   4   |    local    |    ::   |   enp0s3  |   U   |
[   33.175284] cloud-init[657]: ci-info: |   5   |    local    |    ::   |   enp0s8  |   U   |
[   33.176583] cloud-init[657]: ci-info: |   6   |   ff00::/8  |    ::   |   enp0s8  |   U   |
[   33.177782] cloud-init[657]: ci-info: |   7   |   ff00::/8  |    ::   |   enp0s3  |   U   |
[   33.178968] cloud-init[657]: ci-info: +-------+-------------+---------+-----------+-------+
[[0;32m  OK  [0m] Started Initial cloud-init job (metadata service crawler).
[[0;32m  OK  [0m] Reached target System Initialization.
[[0;32m  OK  [0m] Started Daily apt download activities.
         Starting Socket activation for snappy daemon.
[[0;32m  OK  [0m] Listening on D-Bus System Message Bus Socket.
[[0;32m  OK  [0m] Listening on Open-iSCSI iscsid Socket.
[[0;32m  OK  [0m] Started Ubuntu Advantage Timer for running repeated jobs.
[[0;32m  OK  [0m] Started Discard unused blocks once a week.
[[0;32m  OK  [0m] Listening on ACPID Listen Socket.
[[0;32m  OK  [0m] Listening on UUID daemon activation socket.
[[0;32m  OK  [0m] Started ACPI Events Check.
[[0;32m  OK  [0m] Started Daily Cleanup of Temporary Directories.
[[0;32m  OK  [0m] Started Message of the Day.
         Starting LXD - unix socket.
[[0;32m  OK  [0m] Started Daily apt upgrade and clean activities.
[[0;32m  OK  [0m] Reached target Timers.
[[0;32m  OK  [0m] Listening on cloud-init hotplug hook socket.
[[0;32m  OK  [0m] Reached target Paths.
[[0;32m  OK  [0m] Reached target Network is Online.
[[0;32m  OK  [0m] Reached target Remote File Systems (Pre).
         Mounting /vagrant...
         Starting Availability of block devices...
[[0;32m  OK  [0m] Reached target Cloud-config availability.
[[0;32m  OK  [0m] Listening on Socket activation for snappy daemon.
[[0;32m  OK  [0m] Listening on LXD - unix socket.
[[0;32m  OK  [0m] Started Availability of block devices.
[[0;32m  OK  [0m] Reached target Sockets.
[[0;32m  OK  [0m] Reached target Basic System.
         Starting Virtualbox guest utils...
         Starting LXD - container startup/shutdown...
         Starting Login Service...
         Starting Dispatcher daemon for systemd-networkd...
         Starting System Logging Service...
[[0;32m  OK  [0m] Started irqbalance daemon.
         Starting LSB: Record successful boot for GRUB...
[[0;32m  OK  [0m] Started Deferred execution scheduler.
[[0;32m  OK  [0m] Started D-Bus System Message Bus.
[[0;32m  OK  [0m] Started Login Service.
[[0;32m  OK  [0m] Started Unattended Upgrades Shutdown.
         Starting Accounts Service...
[[0;32m  OK  [0m] Started Regular background program processing daemon.
         Starting OpenBSD Secure Shell server...
[[0;32m  OK  [0m] Reached target Login Prompts (Pre).
[[0;32m  OK  [0m] Started FUSE filesystem for LXC.
         Starting Snap Daemon...
[[0;32m  OK  [0m] Started System Logging Service.
[[0;32m  OK  [0m] Mounted /vagrant.
[[0;32m  OK  [0m] Reached target Remote File Systems.
         Starting LSB: automatic crash report generation...
         Starting Permit User Sessions...
[[0;32m  OK  [0m] Started Permit User Sessions.
         Starting Terminate Plymouth Boot Screen...
         Starting Hold until boot process finishes up...
[[0;32m  OK  [0m] Started Hold until boot process finishes up.
[[0;32m  OK  [0m] Started Serial Getty on ttyS0.
         Starting Set console scheme...
[[0;32m  OK  [0m] Started Terminate Plymouth Boot Screen.
[[0;32m  OK  [0m] Started Set console scheme.
[[0;32m  OK  [0m] Created slice system-getty.slice.
[[0;32m  OK  [0m] Started Getty on tty1.
[[0;32m  OK  [0m] Reached target Login Prompts.
[[0;32m  OK  [0m] Started LSB: Record successful boot for GRUB.
[[0;32m  OK  [0m] Started LSB: automatic crash report generation.
         Starting Authorization Manager...
[[0;32m  OK  [0m] Started Dispatcher daemon for systemd-networkd.
[[0;32m  OK  [0m] Started Virtualbox guest utils.
[[0;32m  OK  [0m] Started Authorization Manager.
[[0;32m  OK  [0m] Started Accounts Service.
[[0;32m  OK  [0m] Started OpenBSD Secure Shell server.

Ubuntu 18.04.6 LTS mongo ttyS0

mongo login: [   52.585351] cloud-init[1289]: Cloud-init v. 23.1.2-0ubuntu0~18.04.1 running 'modules:config' at Wed, 27 Sep 2023 20:39:30 +0000. Up 51.78 seconds.
[   54.241291] cloud-init[1425]: Cloud-init v. 23.1.2-0ubuntu0~18.04.1 running 'modules:final' at Wed, 27 Sep 2023 20:39:32 +0000. Up 53.26 seconds.
[   54.260064] cloud-init[1425]: Cloud-init v. 23.1.2-0ubuntu0~18.04.1 finished at Wed, 27 Sep 2023 20:39:32 +0000. Datasource DataSourceNoCloud [seed=/dev/sdb][dsmode=net].  Up 54.15 seconds
